<testsuites name="jest tests" tests="1" failures="0" time="4.146">
  <testsuite name="Test the root path" errors="0" failures="0" skipped="0" timestamp="2018-05-31T22:00:33" time="1.791" tests="1">
    <testcase classname="Test the root path It should response the GET method" name="Test the root path It should response the GET method" time="0.079">
    </testcase>
  </testsuite>
</testsuites>